-- Found ament_cmake: 1.3.11 (/opt/ros/humble/share/ament_cmake/cmake)
-- Found rclcpp: 16.0.12 (/opt/ros/humble/share/rclcpp/cmake)
-- Found rosidl_generator_c: 3.1.6 (/opt/ros/humble/share/rosidl_generator_c/cmake)
-- Found rosidl_adapter: 3.1.6 (/opt/ros/humble/share/rosidl_adapter/cmake)
-- Found rosidl_generator_cpp: 3.1.6 (/opt/ros/humble/share/rosidl_generator_cpp/cmake)
-- Using all available rosidl_typesupport_c: rosidl_typesupport_fastrtps_c;rosidl_typesupport_introspection_c
-- Using all available rosidl_typesupport_cpp: rosidl_typesupport_fastrtps_cpp;rosidl_typesupport_introspection_cpp
-- Found rmw_implementation_cmake: 6.1.2 (/opt/ros/humble/share/rmw_implementation_cmake/cmake)
-- Found rmw_fastrtps_cpp: 6.2.7 (/opt/ros/humble/share/rmw_fastrtps_cpp/cmake)
-- Using RMW implementation 'rmw_fastrtps_cpp' as default
-- Found sensor_msgs: 4.8.0 (/opt/ros/humble/share/sensor_msgs/cmake)
-- Found ament_lint_auto: 0.12.12 (/opt/ros/humble/share/ament_lint_auto/cmake)
-- Added test 'cppcheck' to perform static code analysis on C / C++ code
-- Configured cppcheck include dirs: 
-- Configured cppcheck exclude dirs and/or files: 
-- Added test 'lint_cmake' to check CMake code style
-- Added test 'uncrustify' to check C / C++ code style
-- Configured uncrustify additional arguments: 
-- Added test 'xmllint' to check XML markup files
-- Configuring done
-- Generating done
-- Build files have been written to: /home/marcobia/Desktop/VSCode/CSE_453/ros2_ws/build/gps_processor
/usr/bin/cmake -S/home/marcobia/Desktop/VSCode/CSE_453/ros2_ws/src/gps_processor -B/home/marcobia/Desktop/VSCode/CSE_453/ros2_ws/build/gps_processor --check-build-system CMakeFiles/Makefile.cmake 0
/usr/bin/cmake -E cmake_progress_start /home/marcobia/Desktop/VSCode/CSE_453/ros2_ws/build/gps_processor/CMakeFiles /home/marcobia/Desktop/VSCode/CSE_453/ros2_ws/build/gps_processor//CMakeFiles/progress.marks
/usr/bin/gmake  -f CMakeFiles/Makefile2 all
gmake[1]: Entering directory '/home/marcobia/Desktop/VSCode/CSE_453/ros2_ws/build/gps_processor'
gmake[1]: Nothing to be done for 'all'.
gmake[1]: Leaving directory '/home/marcobia/Desktop/VSCode/CSE_453/ros2_ws/build/gps_processor'
/usr/bin/cmake -E cmake_progress_start /home/marcobia/Desktop/VSCode/CSE_453/ros2_ws/build/gps_processor/CMakeFiles 0
-- Install configuration: ""
-- Up-to-date: /home/marcobia/Desktop/VSCode/CSE_453/ros2_ws/install/gps_processor/share/ament_index/resource_index/package_run_dependencies/gps_processor
-- Up-to-date: /home/marcobia/Desktop/VSCode/CSE_453/ros2_ws/install/gps_processor/share/ament_index/resource_index/parent_prefix_path/gps_processor
-- Up-to-date: /home/marcobia/Desktop/VSCode/CSE_453/ros2_ws/install/gps_processor/share/gps_processor/environment/ament_prefix_path.sh
-- Installing: /home/marcobia/Desktop/VSCode/CSE_453/ros2_ws/install/gps_processor/share/gps_processor/environment/ament_prefix_path.dsv
-- Up-to-date: /home/marcobia/Desktop/VSCode/CSE_453/ros2_ws/install/gps_processor/share/gps_processor/environment/path.sh
-- Installing: /home/marcobia/Desktop/VSCode/CSE_453/ros2_ws/install/gps_processor/share/gps_processor/environment/path.dsv
-- Up-to-date: /home/marcobia/Desktop/VSCode/CSE_453/ros2_ws/install/gps_processor/share/gps_processor/local_setup.bash
-- Up-to-date: /home/marcobia/Desktop/VSCode/CSE_453/ros2_ws/install/gps_processor/share/gps_processor/local_setup.sh
-- Up-to-date: /home/marcobia/Desktop/VSCode/CSE_453/ros2_ws/install/gps_processor/share/gps_processor/local_setup.zsh
-- Installing: /home/marcobia/Desktop/VSCode/CSE_453/ros2_ws/install/gps_processor/share/gps_processor/local_setup.dsv
-- Installing: /home/marcobia/Desktop/VSCode/CSE_453/ros2_ws/install/gps_processor/share/gps_processor/package.dsv
-- Up-to-date: /home/marcobia/Desktop/VSCode/CSE_453/ros2_ws/install/gps_processor/share/ament_index/resource_index/packages/gps_processor
-- Up-to-date: /home/marcobia/Desktop/VSCode/CSE_453/ros2_ws/install/gps_processor/share/gps_processor/cmake/gps_processorConfig.cmake
-- Up-to-date: /home/marcobia/Desktop/VSCode/CSE_453/ros2_ws/install/gps_processor/share/gps_processor/cmake/gps_processorConfig-version.cmake
-- Up-to-date: /home/marcobia/Desktop/VSCode/CSE_453/ros2_ws/install/gps_processor/share/gps_processor/package.xml
