-- Found ament_cmake: 1.3.11 (/opt/ros/humble/share/ament_cmake/cmake)
-- Found rclcpp: 16.0.12 (/opt/ros/humble/share/rclcpp/cmake)
-- Found rosidl_generator_c: 3.1.6 (/opt/ros/humble/share/rosidl_generator_c/cmake)
-- Found rosidl_adapter: 3.1.6 (/opt/ros/humble/share/rosidl_adapter/cmake)
-- Found rosidl_generator_cpp: 3.1.6 (/opt/ros/humble/share/rosidl_generator_cpp/cmake)
-- Using all available rosidl_typesupport_c: rosidl_typesupport_fastrtps_c;rosidl_typesupport_introspection_c
-- Using all available rosidl_typesupport_cpp: rosidl_typesupport_fastrtps_cpp;rosidl_typesupport_introspection_cpp
-- Found rmw_implementation_cmake: 6.1.2 (/opt/ros/humble/share/rmw_implementation_cmake/cmake)
-- Found rmw_fastrtps_cpp: 6.2.7 (/opt/ros/humble/share/rmw_fastrtps_cpp/cmake)
-- Using RMW implementation 'rmw_fastrtps_cpp' as default
-- Found sensor_msgs: 4.8.0 (/opt/ros/humble/share/sensor_msgs/cmake)
-- Found ament_lint_auto: 0.12.12 (/opt/ros/humble/share/ament_lint_auto/cmake)
-- Added test 'cppcheck' to perform static code analysis on C / C++ code
-- Configured cppcheck include dirs: 
-- Configured cppcheck exclude dirs and/or files: 
-- Added test 'lint_cmake' to check CMake code style
-- Added test 'uncrustify' to check C / C++ code style
-- Configured uncrustify additional arguments: 
-- Added test 'xmllint' to check XML markup files
-- Configuring done
-- Generating done
-- Build files have been written to: /home/marcobia/Desktop/VSCode/CSE_453/ros2_ws/build/gps_processor
/usr/bin/cmake -S/home/marcobia/Desktop/VSCode/CSE_453/ros2_ws/src/gps_processor -B/home/marcobia/Desktop/VSCode/CSE_453/ros2_ws/build/gps_processor --check-build-system CMakeFiles/Makefile.cmake 0
/usr/bin/cmake -E cmake_progress_start /home/marcobia/Desktop/VSCode/CSE_453/ros2_ws/build/gps_processor/CMakeFiles /home/marcobia/Desktop/VSCode/CSE_453/ros2_ws/build/gps_processor//CMakeFiles/progress.marks
/usr/bin/gmake  -f CMakeFiles/Makefile2 all
gmake[1]: Entering directory '/home/marcobia/Desktop/VSCode/CSE_453/ros2_ws/build/gps_processor'
/usr/bin/gmake  -f CMakeFiles/gps_processor.dir/build.make CMakeFiles/gps_processor.dir/depend
gmake[2]: Entering directory '/home/marcobia/Desktop/VSCode/CSE_453/ros2_ws/build/gps_processor'
cd /home/marcobia/Desktop/VSCode/CSE_453/ros2_ws/build/gps_processor && /usr/bin/cmake -E cmake_depends "Unix Makefiles" /home/marcobia/Desktop/VSCode/CSE_453/ros2_ws/src/gps_processor /home/marcobia/Desktop/VSCode/CSE_453/ros2_ws/src/gps_processor /home/marcobia/Desktop/VSCode/CSE_453/ros2_ws/build/gps_processor /home/marcobia/Desktop/VSCode/CSE_453/ros2_ws/build/gps_processor /home/marcobia/Desktop/VSCode/CSE_453/ros2_ws/build/gps_processor/CMakeFiles/gps_processor.dir/DependInfo.cmake --color=
gmake[2]: Leaving directory '/home/marcobia/Desktop/VSCode/CSE_453/ros2_ws/build/gps_processor'
/usr/bin/gmake  -f CMakeFiles/gps_processor.dir/build.make CMakeFiles/gps_processor.dir/build
gmake[2]: Entering directory '/home/marcobia/Desktop/VSCode/CSE_453/ros2_ws/build/gps_processor'
[ 50%] [32mBuilding CXX object CMakeFiles/gps_processor.dir/src/gps_processor.cpp.o[0m
/usr/bin/c++ -DDEFAULT_RMW_IMPLEMENTATION=rmw_fastrtps_cpp -DRCUTILS_ENABLE_FAULT_INJECTION -isystem /opt/ros/humble/include/rclcpp -isystem /opt/ros/humble/include/sensor_msgs -isystem /opt/ros/humble/include/ament_index_cpp -isystem /opt/ros/humble/include/libstatistics_collector -isystem /opt/ros/humble/include/builtin_interfaces -isystem /opt/ros/humble/include/rosidl_runtime_c -isystem /opt/ros/humble/include/rcutils -isystem /opt/ros/humble/include/rosidl_typesupport_interface -isystem /opt/ros/humble/include/fastcdr -isystem /opt/ros/humble/include/rosidl_runtime_cpp -isystem /opt/ros/humble/include/rosidl_typesupport_fastrtps_cpp -isystem /opt/ros/humble/include/rmw -isystem /opt/ros/humble/include/rosidl_typesupport_fastrtps_c -isystem /opt/ros/humble/include/rosidl_typesupport_introspection_c -isystem /opt/ros/humble/include/rosidl_typesupport_introspection_cpp -isystem /opt/ros/humble/include/rcl -isystem /opt/ros/humble/include/rcl_interfaces -isystem /opt/ros/humble/include/rcl_logging_interface -isystem /opt/ros/humble/include/rcl_yaml_param_parser -isystem /opt/ros/humble/include/libyaml_vendor -isystem /opt/ros/humble/include/tracetools -isystem /opt/ros/humble/include/rcpputils -isystem /opt/ros/humble/include/statistics_msgs -isystem /opt/ros/humble/include/rosgraph_msgs -isystem /opt/ros/humble/include/rosidl_typesupport_cpp -isystem /opt/ros/humble/include/rosidl_typesupport_c -isystem /opt/ros/humble/include/geometry_msgs -isystem /opt/ros/humble/include/std_msgs -Wall -Wextra -Wpedantic -MD -MT CMakeFiles/gps_processor.dir/src/gps_processor.cpp.o -MF CMakeFiles/gps_processor.dir/src/gps_processor.cpp.o.d -o CMakeFiles/gps_processor.dir/src/gps_processor.cpp.o -c /home/marcobia/Desktop/VSCode/CSE_453/ros2_ws/src/gps_processor/src/gps_processor.cpp
[100%] [32m[1mLinking CXX executable gps_processor[0m
/usr/bin/cmake -E cmake_link_script CMakeFiles/gps_processor.dir/link.txt --verbose=1
/usr/bin/c++ CMakeFiles/gps_processor.dir/src/gps_processor.cpp.o -o gps_processor  -Wl,-rpath,/opt/ros/humble/lib: /opt/ros/humble/lib/librclcpp.so /opt/ros/humble/lib/libsensor_msgs__rosidl_typesupport_fastrtps_c.so /opt/ros/humble/lib/libsensor_msgs__rosidl_typesupport_fastrtps_cpp.so /opt/ros/humble/lib/libsensor_msgs__rosidl_typesupport_introspection_c.so /opt/ros/humble/lib/libsensor_msgs__rosidl_typesupport_introspection_cpp.so /opt/ros/humble/lib/libsensor_msgs__rosidl_generator_py.so /opt/ros/humble/lib/liblibstatistics_collector.so /opt/ros/humble/lib/librcl.so /opt/ros/humble/lib/librmw_implementation.so /opt/ros/humble/lib/libament_index_cpp.so /opt/ros/humble/lib/librcl_logging_spdlog.so /opt/ros/humble/lib/librcl_logging_interface.so /opt/ros/humble/lib/librcl_interfaces__rosidl_typesupport_fastrtps_c.so /opt/ros/humble/lib/librcl_interfaces__rosidl_typesupport_introspection_c.so /opt/ros/humble/lib/librcl_interfaces__rosidl_typesupport_fastrtps_cpp.so /opt/ros/humble/lib/librcl_interfaces__rosidl_typesupport_introspection_cpp.so /opt/ros/humble/lib/librcl_interfaces__rosidl_typesupport_cpp.so /opt/ros/humble/lib/librcl_interfaces__rosidl_generator_py.so /opt/ros/humble/lib/librcl_interfaces__rosidl_typesupport_c.so /opt/ros/humble/lib/librcl_interfaces__rosidl_generator_c.so /opt/ros/humble/lib/librcl_yaml_param_parser.so /opt/ros/humble/lib/libyaml.so /opt/ros/humble/lib/librosgraph_msgs__rosidl_typesupport_fastrtps_c.so /opt/ros/humble/lib/librosgraph_msgs__rosidl_typesupport_fastrtps_cpp.so /opt/ros/humble/lib/librosgraph_msgs__rosidl_typesupport_introspection_c.so /opt/ros/humble/lib/librosgraph_msgs__rosidl_typesupport_introspection_cpp.so /opt/ros/humble/lib/librosgraph_msgs__rosidl_typesupport_cpp.so /opt/ros/humble/lib/librosgraph_msgs__rosidl_generator_py.so /opt/ros/humble/lib/librosgraph_msgs__rosidl_typesupport_c.so /opt/ros/humble/lib/librosgraph_msgs__rosidl_generator_c.so /opt/ros/humble/lib/libstatistics_msgs__rosidl_typesupport_fastrtps_c.so /opt/ros/humble/lib/libstatistics_msgs__rosidl_typesupport_fastrtps_cpp.so /opt/ros/humble/lib/libstatistics_msgs__rosidl_typesupport_introspection_c.so /opt/ros/humble/lib/libstatistics_msgs__rosidl_typesupport_introspection_cpp.so /opt/ros/humble/lib/libstatistics_msgs__rosidl_typesupport_cpp.so /opt/ros/humble/lib/libstatistics_msgs__rosidl_generator_py.so /opt/ros/humble/lib/libstatistics_msgs__rosidl_typesupport_c.so /opt/ros/humble/lib/libstatistics_msgs__rosidl_generator_c.so /opt/ros/humble/lib/libtracetools.so /opt/ros/humble/lib/libgeometry_msgs__rosidl_typesupport_fastrtps_c.so /opt/ros/humble/lib/libstd_msgs__rosidl_typesupport_fastrtps_c.so /opt/ros/humble/lib/libbuiltin_interfaces__rosidl_typesupport_fastrtps_c.so /opt/ros/humble/lib/librosidl_typesupport_fastrtps_c.so /opt/ros/humble/lib/libgeometry_msgs__rosidl_typesupport_fastrtps_cpp.so /opt/ros/humble/lib/libstd_msgs__rosidl_typesupport_fastrtps_cpp.so /opt/ros/humble/lib/libbuiltin_interfaces__rosidl_typesupport_fastrtps_cpp.so /opt/ros/humble/lib/librosidl_typesupport_fastrtps_cpp.so /opt/ros/humble/lib/libfastcdr.so.1.0.24 /opt/ros/humble/lib/librmw.so /opt/ros/humble/lib/libgeometry_msgs__rosidl_typesupport_introspection_c.so /opt/ros/humble/lib/libstd_msgs__rosidl_typesupport_introspection_c.so /opt/ros/humble/lib/libbuiltin_interfaces__rosidl_typesupport_introspection_c.so /opt/ros/humble/lib/libgeometry_msgs__rosidl_typesupport_introspection_cpp.so /opt/ros/humble/lib/libstd_msgs__rosidl_typesupport_introspection_cpp.so /opt/ros/humble/lib/libbuiltin_interfaces__rosidl_typesupport_introspection_cpp.so /opt/ros/humble/lib/librosidl_typesupport_introspection_cpp.so /opt/ros/humble/lib/librosidl_typesupport_introspection_c.so /opt/ros/humble/lib/libsensor_msgs__rosidl_typesupport_c.so /opt/ros/humble/lib/libsensor_msgs__rosidl_generator_c.so /opt/ros/humble/lib/libgeometry_msgs__rosidl_generator_py.so /opt/ros/humble/lib/libgeometry_msgs__rosidl_typesupport_c.so /opt/ros/humble/lib/libgeometry_msgs__rosidl_generator_c.so /opt/ros/humble/lib/libstd_msgs__rosidl_generator_py.so /opt/ros/humble/lib/libbuiltin_interfaces__rosidl_generator_py.so /opt/ros/humble/lib/libstd_msgs__rosidl_typesupport_c.so /opt/ros/humble/lib/libbuiltin_interfaces__rosidl_typesupport_c.so /opt/ros/humble/lib/libstd_msgs__rosidl_generator_c.so /opt/ros/humble/lib/libbuiltin_interfaces__rosidl_generator_c.so /usr/lib/x86_64-linux-gnu/libpython3.10.so /opt/ros/humble/lib/libsensor_msgs__rosidl_typesupport_cpp.so /opt/ros/humble/lib/libgeometry_msgs__rosidl_typesupport_cpp.so /opt/ros/humble/lib/libstd_msgs__rosidl_typesupport_cpp.so /opt/ros/humble/lib/libbuiltin_interfaces__rosidl_typesupport_cpp.so /opt/ros/humble/lib/librosidl_typesupport_cpp.so /opt/ros/humble/lib/librosidl_typesupport_c.so /opt/ros/humble/lib/librcpputils.so /opt/ros/humble/lib/librosidl_runtime_c.so /opt/ros/humble/lib/librcutils.so -ldl 
gmake[2]: Leaving directory '/home/marcobia/Desktop/VSCode/CSE_453/ros2_ws/build/gps_processor'
[100%] Built target gps_processor
gmake[1]: Leaving directory '/home/marcobia/Desktop/VSCode/CSE_453/ros2_ws/build/gps_processor'
/usr/bin/cmake -E cmake_progress_start /home/marcobia/Desktop/VSCode/CSE_453/ros2_ws/build/gps_processor/CMakeFiles 0
-- Install configuration: ""
-- Installing: /home/marcobia/Desktop/VSCode/CSE_453/ros2_ws/install/gps_processor/lib/gps_processor/gps_processor
-- Set runtime path of "/home/marcobia/Desktop/VSCode/CSE_453/ros2_ws/install/gps_processor/lib/gps_processor/gps_processor" to ""
-- Up-to-date: /home/marcobia/Desktop/VSCode/CSE_453/ros2_ws/install/gps_processor/share/ament_index/resource_index/package_run_dependencies/gps_processor
-- Up-to-date: /home/marcobia/Desktop/VSCode/CSE_453/ros2_ws/install/gps_processor/share/ament_index/resource_index/parent_prefix_path/gps_processor
-- Up-to-date: /home/marcobia/Desktop/VSCode/CSE_453/ros2_ws/install/gps_processor/share/gps_processor/environment/ament_prefix_path.sh
-- Installing: /home/marcobia/Desktop/VSCode/CSE_453/ros2_ws/install/gps_processor/share/gps_processor/environment/ament_prefix_path.dsv
-- Up-to-date: /home/marcobia/Desktop/VSCode/CSE_453/ros2_ws/install/gps_processor/share/gps_processor/environment/path.sh
-- Installing: /home/marcobia/Desktop/VSCode/CSE_453/ros2_ws/install/gps_processor/share/gps_processor/environment/path.dsv
-- Up-to-date: /home/marcobia/Desktop/VSCode/CSE_453/ros2_ws/install/gps_processor/share/gps_processor/local_setup.bash
-- Up-to-date: /home/marcobia/Desktop/VSCode/CSE_453/ros2_ws/install/gps_processor/share/gps_processor/local_setup.sh
-- Up-to-date: /home/marcobia/Desktop/VSCode/CSE_453/ros2_ws/install/gps_processor/share/gps_processor/local_setup.zsh
-- Installing: /home/marcobia/Desktop/VSCode/CSE_453/ros2_ws/install/gps_processor/share/gps_processor/local_setup.dsv
-- Installing: /home/marcobia/Desktop/VSCode/CSE_453/ros2_ws/install/gps_processor/share/gps_processor/package.dsv
-- Up-to-date: /home/marcobia/Desktop/VSCode/CSE_453/ros2_ws/install/gps_processor/share/ament_index/resource_index/packages/gps_processor
-- Up-to-date: /home/marcobia/Desktop/VSCode/CSE_453/ros2_ws/install/gps_processor/share/gps_processor/cmake/gps_processorConfig.cmake
-- Up-to-date: /home/marcobia/Desktop/VSCode/CSE_453/ros2_ws/install/gps_processor/share/gps_processor/cmake/gps_processorConfig-version.cmake
-- Up-to-date: /home/marcobia/Desktop/VSCode/CSE_453/ros2_ws/install/gps_processor/share/gps_processor/package.xml
