[0.013s] Invoking command in '/home/marcobia/Desktop/VSCode/CSE_453/ros2_ws/build/gps_processor': CMAKE_PREFIX_PATH=${CMAKE_PREFIX_PATH}:/opt/ros/humble /usr/bin/cmake /home/marcobia/Desktop/VSCode/CSE_453/ros2_ws/src/gps_processor -DCMAKE_INSTALL_PREFIX=/home/marcobia/Desktop/VSCode/CSE_453/ros2_ws/install/gps_processor
[0.026s] -- Found ament_cmake: 1.3.11 (/opt/ros/humble/share/ament_cmake/cmake)
[0.155s] -- Found rclcpp: 16.0.12 (/opt/ros/humble/share/rclcpp/cmake)
[0.186s] -- Found rosidl_generator_c: 3.1.6 (/opt/ros/humble/share/rosidl_generator_c/cmake)
[0.188s] -- Found rosidl_adapter: 3.1.6 (/opt/ros/humble/share/rosidl_adapter/cmake)
[0.194s] -- Found rosidl_generator_cpp: 3.1.6 (/opt/ros/humble/share/rosidl_generator_cpp/cmake)
[0.205s] -- Using all available rosidl_typesupport_c: rosidl_typesupport_fastrtps_c;rosidl_typesupport_introspection_c
[0.219s] -- Using all available rosidl_typesupport_cpp: rosidl_typesupport_fastrtps_cpp;rosidl_typesupport_introspection_cpp
[0.256s] -- Found rmw_implementation_cmake: 6.1.2 (/opt/ros/humble/share/rmw_implementation_cmake/cmake)
[0.257s] -- Found rmw_fastrtps_cpp: 6.2.7 (/opt/ros/humble/share/rmw_fastrtps_cpp/cmake)
[0.369s] -- Using RMW implementation 'rmw_fastrtps_cpp' as default
[0.432s] -- Found sensor_msgs: 4.8.0 (/opt/ros/humble/share/sensor_msgs/cmake)
[0.476s] -- Found ament_lint_auto: 0.12.12 (/opt/ros/humble/share/ament_lint_auto/cmake)
[0.539s] -- Added test 'cppcheck' to perform static code analysis on C / C++ code
[0.540s] -- Configured cppcheck include dirs: 
[0.540s] -- Configured cppcheck exclude dirs and/or files: 
[0.540s] -- Added test 'lint_cmake' to check CMake code style
[0.542s] -- Added test 'uncrustify' to check C / C++ code style
[0.543s] -- Configured uncrustify additional arguments: 
[0.543s] -- Added test 'xmllint' to check XML markup files
[0.543s] -- Configuring done
[0.553s] -- Generating done
[0.558s] -- Build files have been written to: /home/marcobia/Desktop/VSCode/CSE_453/ros2_ws/build/gps_processor
[0.569s] Invoked command in '/home/marcobia/Desktop/VSCode/CSE_453/ros2_ws/build/gps_processor' returned '0': CMAKE_PREFIX_PATH=${CMAKE_PREFIX_PATH}:/opt/ros/humble /usr/bin/cmake /home/marcobia/Desktop/VSCode/CSE_453/ros2_ws/src/gps_processor -DCMAKE_INSTALL_PREFIX=/home/marcobia/Desktop/VSCode/CSE_453/ros2_ws/install/gps_processor
[0.570s] Invoking command in '/home/marcobia/Desktop/VSCode/CSE_453/ros2_ws/build/gps_processor': CMAKE_PREFIX_PATH=${CMAKE_PREFIX_PATH}:/opt/ros/humble /usr/bin/cmake --build /home/marcobia/Desktop/VSCode/CSE_453/ros2_ws/build/gps_processor -- -j4 -l4
[0.589s] /usr/bin/cmake -S/home/marcobia/Desktop/VSCode/CSE_453/ros2_ws/src/gps_processor -B/home/marcobia/Desktop/VSCode/CSE_453/ros2_ws/build/gps_processor --check-build-system CMakeFiles/Makefile.cmake 0
[0.602s] /usr/bin/cmake -E cmake_progress_start /home/marcobia/Desktop/VSCode/CSE_453/ros2_ws/build/gps_processor/CMakeFiles /home/marcobia/Desktop/VSCode/CSE_453/ros2_ws/build/gps_processor//CMakeFiles/progress.marks
[0.610s] /usr/bin/gmake  -f CMakeFiles/Makefile2 all
[0.611s] gmake[1]: Entering directory '/home/marcobia/Desktop/VSCode/CSE_453/ros2_ws/build/gps_processor'
[0.611s] /usr/bin/gmake  -f CMakeFiles/gps_processor.dir/build.make CMakeFiles/gps_processor.dir/depend
[0.612s] gmake[2]: Entering directory '/home/marcobia/Desktop/VSCode/CSE_453/ros2_ws/build/gps_processor'
[0.612s] cd /home/marcobia/Desktop/VSCode/CSE_453/ros2_ws/build/gps_processor && /usr/bin/cmake -E cmake_depends "Unix Makefiles" /home/marcobia/Desktop/VSCode/CSE_453/ros2_ws/src/gps_processor /home/marcobia/Desktop/VSCode/CSE_453/ros2_ws/src/gps_processor /home/marcobia/Desktop/VSCode/CSE_453/ros2_ws/build/gps_processor /home/marcobia/Desktop/VSCode/CSE_453/ros2_ws/build/gps_processor /home/marcobia/Desktop/VSCode/CSE_453/ros2_ws/build/gps_processor/CMakeFiles/gps_processor.dir/DependInfo.cmake --color=
[0.621s] gmake[2]: Leaving directory '/home/marcobia/Desktop/VSCode/CSE_453/ros2_ws/build/gps_processor'
[0.621s] /usr/bin/gmake  -f CMakeFiles/gps_processor.dir/build.make CMakeFiles/gps_processor.dir/build
[0.622s] gmake[2]: Entering directory '/home/marcobia/Desktop/VSCode/CSE_453/ros2_ws/build/gps_processor'
[0.630s] [ 50%] [32mBuilding CXX object CMakeFiles/gps_processor.dir/src/gps_processor.cpp.o[0m
[0.631s] /usr/bin/c++ -DDEFAULT_RMW_IMPLEMENTATION=rmw_fastrtps_cpp -DRCUTILS_ENABLE_FAULT_INJECTION -isystem /opt/ros/humble/include/rclcpp -isystem /opt/ros/humble/include/sensor_msgs -isystem /opt/ros/humble/include/ament_index_cpp -isystem /opt/ros/humble/include/libstatistics_collector -isystem /opt/ros/humble/include/builtin_interfaces -isystem /opt/ros/humble/include/rosidl_runtime_c -isystem /opt/ros/humble/include/rcutils -isystem /opt/ros/humble/include/rosidl_typesupport_interface -isystem /opt/ros/humble/include/fastcdr -isystem /opt/ros/humble/include/rosidl_runtime_cpp -isystem /opt/ros/humble/include/rosidl_typesupport_fastrtps_cpp -isystem /opt/ros/humble/include/rmw -isystem /opt/ros/humble/include/rosidl_typesupport_fastrtps_c -isystem /opt/ros/humble/include/rosidl_typesupport_introspection_c -isystem /opt/ros/humble/include/rosidl_typesupport_introspection_cpp -isystem /opt/ros/humble/include/rcl -isystem /opt/ros/humble/include/rcl_interfaces -isystem /opt/ros/humble/include/rcl_logging_interface -isystem /opt/ros/humble/include/rcl_yaml_param_parser -isystem /opt/ros/humble/include/libyaml_vendor -isystem /opt/ros/humble/include/tracetools -isystem /opt/ros/humble/include/rcpputils -isystem /opt/ros/humble/include/statistics_msgs -isystem /opt/ros/humble/include/rosgraph_msgs -isystem /opt/ros/humble/include/rosidl_typesupport_cpp -isystem /opt/ros/humble/include/rosidl_typesupport_c -isystem /opt/ros/humble/include/geometry_msgs -isystem /opt/ros/humble/include/std_msgs -Wall -Wextra -Wpedantic -MD -MT CMakeFiles/gps_processor.dir/src/gps_processor.cpp.o -MF CMakeFiles/gps_processor.dir/src/gps_processor.cpp.o.d -o CMakeFiles/gps_processor.dir/src/gps_processor.cpp.o -c /home/marcobia/Desktop/VSCode/CSE_453/ros2_ws/src/gps_processor/src/gps_processor.cpp
[8.269s] [100%] [32m[1mLinking CXX executable gps_processor[0m
[8.270s] /usr/bin/cmake -E cmake_link_script CMakeFiles/gps_processor.dir/link.txt --verbose=1
[8.278s] /usr/bin/c++ CMakeFiles/gps_processor.dir/src/gps_processor.cpp.o -o gps_processor  -Wl,-rpath,/opt/ros/humble/lib: /opt/ros/humble/lib/librclcpp.so /opt/ros/humble/lib/libsensor_msgs__rosidl_typesupport_fastrtps_c.so /opt/ros/humble/lib/libsensor_msgs__rosidl_typesupport_fastrtps_cpp.so /opt/ros/humble/lib/libsensor_msgs__rosidl_typesupport_introspection_c.so /opt/ros/humble/lib/libsensor_msgs__rosidl_typesupport_introspection_cpp.so /opt/ros/humble/lib/libsensor_msgs__rosidl_generator_py.so /opt/ros/humble/lib/liblibstatistics_collector.so /opt/ros/humble/lib/librcl.so /opt/ros/humble/lib/librmw_implementation.so /opt/ros/humble/lib/libament_index_cpp.so /opt/ros/humble/lib/librcl_logging_spdlog.so /opt/ros/humble/lib/librcl_logging_interface.so /opt/ros/humble/lib/librcl_interfaces__rosidl_typesupport_fastrtps_c.so /opt/ros/humble/lib/librcl_interfaces__rosidl_typesupport_introspection_c.so /opt/ros/humble/lib/librcl_interfaces__rosidl_typesupport_fastrtps_cpp.so /opt/ros/humble/lib/librcl_interfaces__rosidl_typesupport_introspection_cpp.so /opt/ros/humble/lib/librcl_interfaces__rosidl_typesupport_cpp.so /opt/ros/humble/lib/librcl_interfaces__rosidl_generator_py.so /opt/ros/humble/lib/librcl_interfaces__rosidl_typesupport_c.so /opt/ros/humble/lib/librcl_interfaces__rosidl_generator_c.so /opt/ros/humble/lib/librcl_yaml_param_parser.so /opt/ros/humble/lib/libyaml.so /opt/ros/humble/lib/librosgraph_msgs__rosidl_typesupport_fastrtps_c.so /opt/ros/humble/lib/librosgraph_msgs__rosidl_typesupport_fastrtps_cpp.so /opt/ros/humble/lib/librosgraph_msgs__rosidl_typesupport_introspection_c.so /opt/ros/humble/lib/librosgraph_msgs__rosidl_typesupport_introspection_cpp.so /opt/ros/humble/lib/librosgraph_msgs__rosidl_typesupport_cpp.so /opt/ros/humble/lib/librosgraph_msgs__rosidl_generator_py.so /opt/ros/humble/lib/librosgraph_msgs__rosidl_typesupport_c.so /opt/ros/humble/lib/librosgraph_msgs__rosidl_generator_c.so /opt/ros/humble/lib/libstatistics_msgs__rosidl_typesupport_fastrtps_c.so /opt/ros/humble/lib/libstatistics_msgs__rosidl_typesupport_fastrtps_cpp.so /opt/ros/humble/lib/libstatistics_msgs__rosidl_typesupport_introspection_c.so /opt/ros/humble/lib/libstatistics_msgs__rosidl_typesupport_introspection_cpp.so /opt/ros/humble/lib/libstatistics_msgs__rosidl_typesupport_cpp.so /opt/ros/humble/lib/libstatistics_msgs__rosidl_generator_py.so /opt/ros/humble/lib/libstatistics_msgs__rosidl_typesupport_c.so /opt/ros/humble/lib/libstatistics_msgs__rosidl_generator_c.so /opt/ros/humble/lib/libtracetools.so /opt/ros/humble/lib/libgeometry_msgs__rosidl_typesupport_fastrtps_c.so /opt/ros/humble/lib/libstd_msgs__rosidl_typesupport_fastrtps_c.so /opt/ros/humble/lib/libbuiltin_interfaces__rosidl_typesupport_fastrtps_c.so /opt/ros/humble/lib/librosidl_typesupport_fastrtps_c.so /opt/ros/humble/lib/libgeometry_msgs__rosidl_typesupport_fastrtps_cpp.so /opt/ros/humble/lib/libstd_msgs__rosidl_typesupport_fastrtps_cpp.so /opt/ros/humble/lib/libbuiltin_interfaces__rosidl_typesupport_fastrtps_cpp.so /opt/ros/humble/lib/librosidl_typesupport_fastrtps_cpp.so /opt/ros/humble/lib/libfastcdr.so.1.0.24 /opt/ros/humble/lib/librmw.so /opt/ros/humble/lib/libgeometry_msgs__rosidl_typesupport_introspection_c.so /opt/ros/humble/lib/libstd_msgs__rosidl_typesupport_introspection_c.so /opt/ros/humble/lib/libbuiltin_interfaces__rosidl_typesupport_introspection_c.so /opt/ros/humble/lib/libgeometry_msgs__rosidl_typesupport_introspection_cpp.so /opt/ros/humble/lib/libstd_msgs__rosidl_typesupport_introspection_cpp.so /opt/ros/humble/lib/libbuiltin_interfaces__rosidl_typesupport_introspection_cpp.so /opt/ros/humble/lib/librosidl_typesupport_introspection_cpp.so /opt/ros/humble/lib/librosidl_typesupport_introspection_c.so /opt/ros/humble/lib/libsensor_msgs__rosidl_typesupport_c.so /opt/ros/humble/lib/libsensor_msgs__rosidl_generator_c.so /opt/ros/humble/lib/libgeometry_msgs__rosidl_generator_py.so /opt/ros/humble/lib/libgeometry_msgs__rosidl_typesupport_c.so /opt/ros/humble/lib/libgeometry_msgs__rosidl_generator_c.so /opt/ros/humble/lib/libstd_msgs__rosidl_generator_py.so /opt/ros/humble/lib/libbuiltin_interfaces__rosidl_generator_py.so /opt/ros/humble/lib/libstd_msgs__rosidl_typesupport_c.so /opt/ros/humble/lib/libbuiltin_interfaces__rosidl_typesupport_c.so /opt/ros/humble/lib/libstd_msgs__rosidl_generator_c.so /opt/ros/humble/lib/libbuiltin_interfaces__rosidl_generator_c.so /usr/lib/x86_64-linux-gnu/libpython3.10.so /opt/ros/humble/lib/libsensor_msgs__rosidl_typesupport_cpp.so /opt/ros/humble/lib/libgeometry_msgs__rosidl_typesupport_cpp.so /opt/ros/humble/lib/libstd_msgs__rosidl_typesupport_cpp.so /opt/ros/humble/lib/libbuiltin_interfaces__rosidl_typesupport_cpp.so /opt/ros/humble/lib/librosidl_typesupport_cpp.so /opt/ros/humble/lib/librosidl_typesupport_c.so /opt/ros/humble/lib/librcpputils.so /opt/ros/humble/lib/librosidl_runtime_c.so /opt/ros/humble/lib/librcutils.so -ldl 
[8.663s] gmake[2]: Leaving directory '/home/marcobia/Desktop/VSCode/CSE_453/ros2_ws/build/gps_processor'
[8.672s] [100%] Built target gps_processor
[8.673s] gmake[1]: Leaving directory '/home/marcobia/Desktop/VSCode/CSE_453/ros2_ws/build/gps_processor'
[8.673s] /usr/bin/cmake -E cmake_progress_start /home/marcobia/Desktop/VSCode/CSE_453/ros2_ws/build/gps_processor/CMakeFiles 0
[8.685s] Invoked command in '/home/marcobia/Desktop/VSCode/CSE_453/ros2_ws/build/gps_processor' returned '0': CMAKE_PREFIX_PATH=${CMAKE_PREFIX_PATH}:/opt/ros/humble /usr/bin/cmake --build /home/marcobia/Desktop/VSCode/CSE_453/ros2_ws/build/gps_processor -- -j4 -l4
[8.697s] Invoking command in '/home/marcobia/Desktop/VSCode/CSE_453/ros2_ws/build/gps_processor': CMAKE_PREFIX_PATH=${CMAKE_PREFIX_PATH}:/opt/ros/humble /usr/bin/cmake --install /home/marcobia/Desktop/VSCode/CSE_453/ros2_ws/build/gps_processor
[8.701s] -- Install configuration: ""
[8.701s] -- Installing: /home/marcobia/Desktop/VSCode/CSE_453/ros2_ws/install/gps_processor/lib/gps_processor/gps_processor
[8.705s] -- Set runtime path of "/home/marcobia/Desktop/VSCode/CSE_453/ros2_ws/install/gps_processor/lib/gps_processor/gps_processor" to ""
[8.705s] -- Up-to-date: /home/marcobia/Desktop/VSCode/CSE_453/ros2_ws/install/gps_processor/share/ament_index/resource_index/package_run_dependencies/gps_processor
[8.705s] -- Up-to-date: /home/marcobia/Desktop/VSCode/CSE_453/ros2_ws/install/gps_processor/share/ament_index/resource_index/parent_prefix_path/gps_processor
[8.707s] -- Up-to-date: /home/marcobia/Desktop/VSCode/CSE_453/ros2_ws/install/gps_processor/share/gps_processor/environment/ament_prefix_path.sh
[8.707s] -- Installing: /home/marcobia/Desktop/VSCode/CSE_453/ros2_ws/install/gps_processor/share/gps_processor/environment/ament_prefix_path.dsv
[8.707s] -- Up-to-date: /home/marcobia/Desktop/VSCode/CSE_453/ros2_ws/install/gps_processor/share/gps_processor/environment/path.sh
[8.707s] -- Installing: /home/marcobia/Desktop/VSCode/CSE_453/ros2_ws/install/gps_processor/share/gps_processor/environment/path.dsv
[8.708s] -- Up-to-date: /home/marcobia/Desktop/VSCode/CSE_453/ros2_ws/install/gps_processor/share/gps_processor/local_setup.bash
[8.708s] -- Up-to-date: /home/marcobia/Desktop/VSCode/CSE_453/ros2_ws/install/gps_processor/share/gps_processor/local_setup.sh
[8.708s] -- Up-to-date: /home/marcobia/Desktop/VSCode/CSE_453/ros2_ws/install/gps_processor/share/gps_processor/local_setup.zsh
[8.708s] -- Installing: /home/marcobia/Desktop/VSCode/CSE_453/ros2_ws/install/gps_processor/share/gps_processor/local_setup.dsv
[8.708s] -- Installing: /home/marcobia/Desktop/VSCode/CSE_453/ros2_ws/install/gps_processor/share/gps_processor/package.dsv
[8.708s] -- Up-to-date: /home/marcobia/Desktop/VSCode/CSE_453/ros2_ws/install/gps_processor/share/ament_index/resource_index/packages/gps_processor
[8.708s] -- Up-to-date: /home/marcobia/Desktop/VSCode/CSE_453/ros2_ws/install/gps_processor/share/gps_processor/cmake/gps_processorConfig.cmake
[8.708s] -- Up-to-date: /home/marcobia/Desktop/VSCode/CSE_453/ros2_ws/install/gps_processor/share/gps_processor/cmake/gps_processorConfig-version.cmake
[8.708s] -- Up-to-date: /home/marcobia/Desktop/VSCode/CSE_453/ros2_ws/install/gps_processor/share/gps_processor/package.xml
[8.709s] Invoked command in '/home/marcobia/Desktop/VSCode/CSE_453/ros2_ws/build/gps_processor' returned '0': CMAKE_PREFIX_PATH=${CMAKE_PREFIX_PATH}:/opt/ros/humble /usr/bin/cmake --install /home/marcobia/Desktop/VSCode/CSE_453/ros2_ws/build/gps_processor
