[0.121s] DEBUG:colcon:Command line arguments: ['/usr/bin/colcon', 'build', '--packages-select', 'gps_processor']
[0.121s] DEBUG:colcon:Parsed command line arguments: Namespace(log_base=None, log_level=None, verb_name='build', build_base='build', install_base='install', merge_install=False, symlink_install=False, test_result_base=None, continue_on_error=False, executor='parallel', parallel_workers=4, event_handlers=None, ignore_user_meta=False, metas=['./colcon.meta'], base_paths=['.'], packages_ignore=None, packages_ignore_regex=None, paths=None, packages_up_to=None, packages_up_to_regex=None, packages_above=None, packages_above_and_dependencies=None, packages_above_depth=None, packages_select_by_dep=None, packages_skip_by_dep=None, packages_skip_up_to=None, packages_select_build_failed=False, packages_skip_build_finished=False, packages_select_test_failures=False, packages_skip_test_passed=False, packages_select=['gps_processor'], packages_skip=None, packages_select_regex=None, packages_skip_regex=None, packages_start=None, packages_end=None, allow_overriding=[], cmake_args=None, cmake_target=None, cmake_target_skip_unavailable=False, cmake_clean_cache=False, cmake_clean_first=False, cmake_force_configure=False, ament_cmake_args=None, catkin_cmake_args=None, catkin_skip_building_tests=False, mixin_files=None, mixin=None, verb_parser=<colcon_mixin.mixin.mixin_argument.MixinArgumentDecorator object at 0x7cd4f6c569b0>, verb_extension=<colcon_core.verb.build.BuildVerb object at 0x7cd4f6d638b0>, main=<bound method BuildVerb.main of <colcon_core.verb.build.BuildVerb object at 0x7cd4f6d638b0>>, mixin_verb=('build',))
[0.311s] Level 1:colcon.colcon_core.package_discovery:discover_packages(colcon_meta) check parameters
[0.311s] Level 1:colcon.colcon_core.package_discovery:discover_packages(recursive) check parameters
[0.311s] Level 1:colcon.colcon_core.package_discovery:discover_packages(ignore) check parameters
[0.311s] Level 1:colcon.colcon_core.package_discovery:discover_packages(path) check parameters
[0.311s] Level 1:colcon.colcon_core.package_discovery:discover_packages(colcon_meta) discover
[0.311s] Level 1:colcon.colcon_core.package_discovery:discover_packages(recursive) discover
[0.311s] INFO:colcon.colcon_core.package_discovery:Crawling recursively for packages in '/home/marcobia/Desktop/VSCode/CSE_453/ros2_ws'
[0.311s] Level 1:colcon.colcon_core.package_identification:_identify(.) by extensions ['ignore', 'ignore_ament_install']
[0.311s] Level 1:colcon.colcon_core.package_identification:_identify(.) by extension 'ignore'
[0.311s] Level 1:colcon.colcon_core.package_identification:_identify(.) by extension 'ignore_ament_install'
[0.312s] Level 1:colcon.colcon_core.package_identification:_identify(.) by extensions ['colcon_pkg']
[0.312s] Level 1:colcon.colcon_core.package_identification:_identify(.) by extension 'colcon_pkg'
[0.312s] Level 1:colcon.colcon_core.package_identification:_identify(.) by extensions ['colcon_meta']
[0.312s] Level 1:colcon.colcon_core.package_identification:_identify(.) by extension 'colcon_meta'
[0.312s] Level 1:colcon.colcon_core.package_identification:_identify(.) by extensions ['ros']
[0.312s] Level 1:colcon.colcon_core.package_identification:_identify(.) by extension 'ros'
[0.323s] Level 1:colcon.colcon_core.package_identification:_identify(.) by extensions ['cmake', 'python']
[0.323s] Level 1:colcon.colcon_core.package_identification:_identify(.) by extension 'cmake'
[0.323s] Level 1:colcon.colcon_core.package_identification:_identify(.) by extension 'python'
[0.323s] Level 1:colcon.colcon_core.package_identification:_identify(.) by extensions ['python_setup_py']
[0.323s] Level 1:colcon.colcon_core.package_identification:_identify(.) by extension 'python_setup_py'
[0.323s] Level 1:colcon.colcon_core.package_identification:_identify(build) by extensions ['ignore', 'ignore_ament_install']
[0.323s] Level 1:colcon.colcon_core.package_identification:_identify(build) by extension 'ignore'
[0.323s] Level 1:colcon.colcon_core.package_identification:_identify(build) ignored
[0.323s] Level 1:colcon.colcon_core.package_identification:_identify(install) by extensions ['ignore', 'ignore_ament_install']
[0.323s] Level 1:colcon.colcon_core.package_identification:_identify(install) by extension 'ignore'
[0.323s] Level 1:colcon.colcon_core.package_identification:_identify(install) ignored
[0.324s] Level 1:colcon.colcon_core.package_identification:_identify(log) by extensions ['ignore', 'ignore_ament_install']
[0.324s] Level 1:colcon.colcon_core.package_identification:_identify(log) by extension 'ignore'
[0.324s] Level 1:colcon.colcon_core.package_identification:_identify(log) ignored
[0.324s] Level 1:colcon.colcon_core.package_identification:_identify(src) by extensions ['ignore', 'ignore_ament_install']
[0.324s] Level 1:colcon.colcon_core.package_identification:_identify(src) by extension 'ignore'
[0.324s] Level 1:colcon.colcon_core.package_identification:_identify(src) by extension 'ignore_ament_install'
[0.324s] Level 1:colcon.colcon_core.package_identification:_identify(src) by extensions ['colcon_pkg']
[0.324s] Level 1:colcon.colcon_core.package_identification:_identify(src) by extension 'colcon_pkg'
[0.324s] Level 1:colcon.colcon_core.package_identification:_identify(src) by extensions ['colcon_meta']
[0.324s] Level 1:colcon.colcon_core.package_identification:_identify(src) by extension 'colcon_meta'
[0.324s] Level 1:colcon.colcon_core.package_identification:_identify(src) by extensions ['ros']
[0.324s] Level 1:colcon.colcon_core.package_identification:_identify(src) by extension 'ros'
[0.324s] Level 1:colcon.colcon_core.package_identification:_identify(src) by extensions ['cmake', 'python']
[0.324s] Level 1:colcon.colcon_core.package_identification:_identify(src) by extension 'cmake'
[0.324s] Level 1:colcon.colcon_core.package_identification:_identify(src) by extension 'python'
[0.324s] Level 1:colcon.colcon_core.package_identification:_identify(src) by extensions ['python_setup_py']
[0.324s] Level 1:colcon.colcon_core.package_identification:_identify(src) by extension 'python_setup_py'
[0.324s] Level 1:colcon.colcon_core.package_identification:_identify(src/build) by extensions ['ignore', 'ignore_ament_install']
[0.324s] Level 1:colcon.colcon_core.package_identification:_identify(src/build) by extension 'ignore'
[0.324s] Level 1:colcon.colcon_core.package_identification:_identify(src/build) ignored
[0.325s] Level 1:colcon.colcon_core.package_identification:_identify(src/gps_processor) by extensions ['ignore', 'ignore_ament_install']
[0.325s] Level 1:colcon.colcon_core.package_identification:_identify(src/gps_processor) by extension 'ignore'
[0.325s] Level 1:colcon.colcon_core.package_identification:_identify(src/gps_processor) by extension 'ignore_ament_install'
[0.325s] Level 1:colcon.colcon_core.package_identification:_identify(src/gps_processor) by extensions ['colcon_pkg']
[0.325s] Level 1:colcon.colcon_core.package_identification:_identify(src/gps_processor) by extension 'colcon_pkg'
[0.325s] Level 1:colcon.colcon_core.package_identification:_identify(src/gps_processor) by extensions ['colcon_meta']
[0.325s] Level 1:colcon.colcon_core.package_identification:_identify(src/gps_processor) by extension 'colcon_meta'
[0.325s] Level 1:colcon.colcon_core.package_identification:_identify(src/gps_processor) by extensions ['ros']
[0.325s] Level 1:colcon.colcon_core.package_identification:_identify(src/gps_processor) by extension 'ros'
[0.327s] DEBUG:colcon.colcon_core.package_identification:Package 'src/gps_processor' with type 'ros.ament_cmake' and name 'gps_processor'
[0.327s] Level 1:colcon.colcon_core.package_identification:_identify(src/install) by extensions ['ignore', 'ignore_ament_install']
[0.328s] Level 1:colcon.colcon_core.package_identification:_identify(src/install) by extension 'ignore'
[0.328s] Level 1:colcon.colcon_core.package_identification:_identify(src/install) ignored
[0.328s] Level 1:colcon.colcon_core.package_identification:_identify(src/log) by extensions ['ignore', 'ignore_ament_install']
[0.328s] Level 1:colcon.colcon_core.package_identification:_identify(src/log) by extension 'ignore'
[0.328s] Level 1:colcon.colcon_core.package_identification:_identify(src/log) ignored
[0.328s] Level 1:colcon.colcon_core.package_discovery:discover_packages(recursive) using defaults
[0.328s] Level 1:colcon.colcon_core.package_discovery:discover_packages(ignore) discover
[0.328s] Level 1:colcon.colcon_core.package_discovery:discover_packages(ignore) using defaults
[0.328s] Level 1:colcon.colcon_core.package_discovery:discover_packages(path) discover
[0.328s] Level 1:colcon.colcon_core.package_discovery:discover_packages(path) using defaults
[0.357s] Level 1:colcon.colcon_core.package_discovery:discover_packages(prefix_path) check parameters
[0.357s] Level 1:colcon.colcon_core.package_discovery:discover_packages(prefix_path) discover
[0.359s] DEBUG:colcon.colcon_installed_package_information.package_discovery:Found 1 installed packages in /home/marcobia/Desktop/VSCode/CSE_453/ros2_ws/install
[0.359s] DEBUG:colcon.colcon_installed_package_information.package_discovery:Found 0 installed packages in /home/marcobia/ros2_ws/install
[0.362s] DEBUG:colcon.colcon_installed_package_information.package_discovery:Found 440 installed packages in /opt/ros/humble
[0.365s] Level 1:colcon.colcon_core.package_discovery:discover_packages(prefix_path) using defaults
[0.432s] Level 5:colcon.colcon_core.verb:set package 'gps_processor' build argument 'cmake_args' from command line to 'None'
[0.432s] Level 5:colcon.colcon_core.verb:set package 'gps_processor' build argument 'cmake_target' from command line to 'None'
[0.432s] Level 5:colcon.colcon_core.verb:set package 'gps_processor' build argument 'cmake_target_skip_unavailable' from command line to 'False'
[0.432s] Level 5:colcon.colcon_core.verb:set package 'gps_processor' build argument 'cmake_clean_cache' from command line to 'False'
[0.432s] Level 5:colcon.colcon_core.verb:set package 'gps_processor' build argument 'cmake_clean_first' from command line to 'False'
[0.432s] Level 5:colcon.colcon_core.verb:set package 'gps_processor' build argument 'cmake_force_configure' from command line to 'False'
[0.432s] Level 5:colcon.colcon_core.verb:set package 'gps_processor' build argument 'ament_cmake_args' from command line to 'None'
[0.432s] Level 5:colcon.colcon_core.verb:set package 'gps_processor' build argument 'catkin_cmake_args' from command line to 'None'
[0.432s] Level 5:colcon.colcon_core.verb:set package 'gps_processor' build argument 'catkin_skip_building_tests' from command line to 'False'
[0.432s] DEBUG:colcon.colcon_core.verb:Building package 'gps_processor' with the following arguments: {'ament_cmake_args': None, 'build_base': '/home/marcobia/Desktop/VSCode/CSE_453/ros2_ws/build/gps_processor', 'catkin_cmake_args': None, 'catkin_skip_building_tests': False, 'cmake_args': None, 'cmake_clean_cache': False, 'cmake_clean_first': False, 'cmake_force_configure': False, 'cmake_target': None, 'cmake_target_skip_unavailable': False, 'install_base': '/home/marcobia/Desktop/VSCode/CSE_453/ros2_ws/install/gps_processor', 'merge_install': False, 'path': '/home/marcobia/Desktop/VSCode/CSE_453/ros2_ws/src/gps_processor', 'symlink_install': False, 'test_result_base': None}
[0.432s] INFO:colcon.colcon_core.executor:Executing jobs using 'parallel' executor
[0.433s] DEBUG:colcon.colcon_parallel_executor.executor.parallel:run_until_complete
[0.433s] INFO:colcon.colcon_ros.task.ament_cmake.build:Building ROS package in '/home/marcobia/Desktop/VSCode/CSE_453/ros2_ws/src/gps_processor' with build type 'ament_cmake'
[0.433s] INFO:colcon.colcon_cmake.task.cmake.build:Building CMake package in '/home/marcobia/Desktop/VSCode/CSE_453/ros2_ws/src/gps_processor'
[0.435s] INFO:colcon.colcon_core.plugin_system:Skipping extension 'colcon_core.shell.bat': Not used on non-Windows systems
[0.435s] INFO:colcon.colcon_core.shell:Skip shell extension 'powershell' for command environment: Not usable outside of PowerShell
[0.435s] DEBUG:colcon.colcon_core.shell:Skip shell extension 'dsv' for command environment
[0.447s] DEBUG:colcon.colcon_core.event_handler.log_command:Invoking command in '/home/marcobia/Desktop/VSCode/CSE_453/ros2_ws/build/gps_processor': CMAKE_PREFIX_PATH=${CMAKE_PREFIX_PATH}:/opt/ros/humble /usr/bin/cmake /home/marcobia/Desktop/VSCode/CSE_453/ros2_ws/src/gps_processor -DCMAKE_INSTALL_PREFIX=/home/marcobia/Desktop/VSCode/CSE_453/ros2_ws/install/gps_processor
[1.003s] DEBUG:colcon.colcon_core.event_handler.log_command:Invoked command in '/home/marcobia/Desktop/VSCode/CSE_453/ros2_ws/build/gps_processor' returned '0': CMAKE_PREFIX_PATH=${CMAKE_PREFIX_PATH}:/opt/ros/humble /usr/bin/cmake /home/marcobia/Desktop/VSCode/CSE_453/ros2_ws/src/gps_processor -DCMAKE_INSTALL_PREFIX=/home/marcobia/Desktop/VSCode/CSE_453/ros2_ws/install/gps_processor
[1.004s] DEBUG:colcon.colcon_core.event_handler.log_command:Invoking command in '/home/marcobia/Desktop/VSCode/CSE_453/ros2_ws/build/gps_processor': CMAKE_PREFIX_PATH=${CMAKE_PREFIX_PATH}:/opt/ros/humble /usr/bin/cmake --build /home/marcobia/Desktop/VSCode/CSE_453/ros2_ws/build/gps_processor -- -j4 -l4
[9.118s] DEBUG:colcon.colcon_core.event_handler.log_command:Invoked command in '/home/marcobia/Desktop/VSCode/CSE_453/ros2_ws/build/gps_processor' returned '0': CMAKE_PREFIX_PATH=${CMAKE_PREFIX_PATH}:/opt/ros/humble /usr/bin/cmake --build /home/marcobia/Desktop/VSCode/CSE_453/ros2_ws/build/gps_processor -- -j4 -l4
[9.130s] DEBUG:colcon.colcon_core.event_handler.log_command:Invoking command in '/home/marcobia/Desktop/VSCode/CSE_453/ros2_ws/build/gps_processor': CMAKE_PREFIX_PATH=${CMAKE_PREFIX_PATH}:/opt/ros/humble /usr/bin/cmake --install /home/marcobia/Desktop/VSCode/CSE_453/ros2_ws/build/gps_processor
[9.143s] Level 1:colcon.colcon_core.environment:create_environment_scripts_only(gps_processor)
[9.143s] DEBUG:colcon.colcon_core.event_handler.log_command:Invoked command in '/home/marcobia/Desktop/VSCode/CSE_453/ros2_ws/build/gps_processor' returned '0': CMAKE_PREFIX_PATH=${CMAKE_PREFIX_PATH}:/opt/ros/humble /usr/bin/cmake --install /home/marcobia/Desktop/VSCode/CSE_453/ros2_ws/build/gps_processor
[9.145s] Level 1:colcon.colcon_core.environment:checking '/home/marcobia/Desktop/VSCode/CSE_453/ros2_ws/install/gps_processor' for CMake module files
[9.146s] Level 1:colcon.colcon_core.environment:checking '/home/marcobia/Desktop/VSCode/CSE_453/ros2_ws/install/gps_processor' for CMake config files
[9.146s] Level 1:colcon.colcon_core.shell:create_environment_hook('gps_processor', 'cmake_prefix_path')
[9.146s] INFO:colcon.colcon_core.shell:Creating environment hook '/home/marcobia/Desktop/VSCode/CSE_453/ros2_ws/install/gps_processor/share/gps_processor/hook/cmake_prefix_path.ps1'
[9.147s] INFO:colcon.colcon_core.shell:Creating environment descriptor '/home/marcobia/Desktop/VSCode/CSE_453/ros2_ws/install/gps_processor/share/gps_processor/hook/cmake_prefix_path.dsv'
[9.148s] INFO:colcon.colcon_core.shell:Creating environment hook '/home/marcobia/Desktop/VSCode/CSE_453/ros2_ws/install/gps_processor/share/gps_processor/hook/cmake_prefix_path.sh'
[9.149s] Level 1:colcon.colcon_core.environment:checking '/home/marcobia/Desktop/VSCode/CSE_453/ros2_ws/install/gps_processor/lib'
[9.149s] Level 1:colcon.colcon_core.environment:checking '/home/marcobia/Desktop/VSCode/CSE_453/ros2_ws/install/gps_processor/bin'
[9.149s] Level 1:colcon.colcon_core.environment:checking '/home/marcobia/Desktop/VSCode/CSE_453/ros2_ws/install/gps_processor/lib/pkgconfig/gps_processor.pc'
[9.150s] Level 1:colcon.colcon_core.environment:checking '/home/marcobia/Desktop/VSCode/CSE_453/ros2_ws/install/gps_processor/lib/python3.10/site-packages'
[9.150s] Level 1:colcon.colcon_core.environment:checking '/home/marcobia/Desktop/VSCode/CSE_453/ros2_ws/install/gps_processor/bin'
[9.150s] INFO:colcon.colcon_core.shell:Creating package script '/home/marcobia/Desktop/VSCode/CSE_453/ros2_ws/install/gps_processor/share/gps_processor/package.ps1'
[9.151s] INFO:colcon.colcon_core.shell:Creating package descriptor '/home/marcobia/Desktop/VSCode/CSE_453/ros2_ws/install/gps_processor/share/gps_processor/package.dsv'
[9.152s] INFO:colcon.colcon_core.shell:Creating package script '/home/marcobia/Desktop/VSCode/CSE_453/ros2_ws/install/gps_processor/share/gps_processor/package.sh'
[9.152s] INFO:colcon.colcon_core.shell:Creating package script '/home/marcobia/Desktop/VSCode/CSE_453/ros2_ws/install/gps_processor/share/gps_processor/package.bash'
[9.153s] INFO:colcon.colcon_core.shell:Creating package script '/home/marcobia/Desktop/VSCode/CSE_453/ros2_ws/install/gps_processor/share/gps_processor/package.zsh'
[9.156s] Level 1:colcon.colcon_core.environment:create_file_with_runtime_dependencies(/home/marcobia/Desktop/VSCode/CSE_453/ros2_ws/install/gps_processor/share/colcon-core/packages/gps_processor)
[9.157s] Level 1:colcon.colcon_core.environment:create_environment_scripts_only(gps_processor)
[9.157s] Level 1:colcon.colcon_core.environment:checking '/home/marcobia/Desktop/VSCode/CSE_453/ros2_ws/install/gps_processor' for CMake module files
[9.157s] Level 1:colcon.colcon_core.environment:checking '/home/marcobia/Desktop/VSCode/CSE_453/ros2_ws/install/gps_processor' for CMake config files
[9.158s] Level 1:colcon.colcon_core.shell:create_environment_hook('gps_processor', 'cmake_prefix_path')
[9.158s] INFO:colcon.colcon_core.shell:Creating environment hook '/home/marcobia/Desktop/VSCode/CSE_453/ros2_ws/install/gps_processor/share/gps_processor/hook/cmake_prefix_path.ps1'
[9.158s] INFO:colcon.colcon_core.shell:Creating environment descriptor '/home/marcobia/Desktop/VSCode/CSE_453/ros2_ws/install/gps_processor/share/gps_processor/hook/cmake_prefix_path.dsv'
[9.158s] INFO:colcon.colcon_core.shell:Creating environment hook '/home/marcobia/Desktop/VSCode/CSE_453/ros2_ws/install/gps_processor/share/gps_processor/hook/cmake_prefix_path.sh'
[9.159s] Level 1:colcon.colcon_core.environment:checking '/home/marcobia/Desktop/VSCode/CSE_453/ros2_ws/install/gps_processor/lib'
[9.160s] Level 1:colcon.colcon_core.environment:checking '/home/marcobia/Desktop/VSCode/CSE_453/ros2_ws/install/gps_processor/bin'
[9.160s] Level 1:colcon.colcon_core.environment:checking '/home/marcobia/Desktop/VSCode/CSE_453/ros2_ws/install/gps_processor/lib/pkgconfig/gps_processor.pc'
[9.160s] Level 1:colcon.colcon_core.environment:checking '/home/marcobia/Desktop/VSCode/CSE_453/ros2_ws/install/gps_processor/lib/python3.10/site-packages'
[9.160s] Level 1:colcon.colcon_core.environment:checking '/home/marcobia/Desktop/VSCode/CSE_453/ros2_ws/install/gps_processor/bin'
[9.160s] INFO:colcon.colcon_core.shell:Creating package script '/home/marcobia/Desktop/VSCode/CSE_453/ros2_ws/install/gps_processor/share/gps_processor/package.ps1'
[9.161s] INFO:colcon.colcon_core.shell:Creating package descriptor '/home/marcobia/Desktop/VSCode/CSE_453/ros2_ws/install/gps_processor/share/gps_processor/package.dsv'
[9.161s] INFO:colcon.colcon_core.shell:Creating package script '/home/marcobia/Desktop/VSCode/CSE_453/ros2_ws/install/gps_processor/share/gps_processor/package.sh'
[9.162s] INFO:colcon.colcon_core.shell:Creating package script '/home/marcobia/Desktop/VSCode/CSE_453/ros2_ws/install/gps_processor/share/gps_processor/package.bash'
[9.162s] INFO:colcon.colcon_core.shell:Creating package script '/home/marcobia/Desktop/VSCode/CSE_453/ros2_ws/install/gps_processor/share/gps_processor/package.zsh'
[9.163s] Level 1:colcon.colcon_core.environment:create_file_with_runtime_dependencies(/home/marcobia/Desktop/VSCode/CSE_453/ros2_ws/install/gps_processor/share/colcon-core/packages/gps_processor)
[9.163s] DEBUG:colcon.colcon_parallel_executor.executor.parallel:closing loop
[9.163s] DEBUG:colcon.colcon_parallel_executor.executor.parallel:loop closed
[9.163s] DEBUG:colcon.colcon_parallel_executor.executor.parallel:run_until_complete finished with '0'
[9.163s] DEBUG:colcon.colcon_core.event_reactor:joining thread
[9.168s] INFO:colcon.colcon_core.plugin_system:Skipping extension 'colcon_notification.desktop_notification.terminal_notifier': Not used on non-Darwin systems
[9.168s] INFO:colcon.colcon_core.plugin_system:Skipping extension 'colcon_notification.desktop_notification.win32': Not used on non-Windows systems
[9.168s] INFO:colcon.colcon_notification.desktop_notification:Sending desktop notification using 'notify2'
[9.184s] DEBUG:colcon.colcon_core.event_reactor:joined thread
[9.185s] INFO:colcon.colcon_core.shell:Creating prefix script '/home/marcobia/Desktop/VSCode/CSE_453/ros2_ws/install/local_setup.ps1'
[9.186s] INFO:colcon.colcon_core.shell:Creating prefix util module '/home/marcobia/Desktop/VSCode/CSE_453/ros2_ws/install/_local_setup_util_ps1.py'
[9.189s] INFO:colcon.colcon_core.shell:Creating prefix chain script '/home/marcobia/Desktop/VSCode/CSE_453/ros2_ws/install/setup.ps1'
[9.190s] INFO:colcon.colcon_core.shell:Creating prefix script '/home/marcobia/Desktop/VSCode/CSE_453/ros2_ws/install/local_setup.sh'
[9.191s] INFO:colcon.colcon_core.shell:Creating prefix util module '/home/marcobia/Desktop/VSCode/CSE_453/ros2_ws/install/_local_setup_util_sh.py'
[9.191s] INFO:colcon.colcon_core.shell:Creating prefix chain script '/home/marcobia/Desktop/VSCode/CSE_453/ros2_ws/install/setup.sh'
[9.192s] INFO:colcon.colcon_core.shell:Creating prefix script '/home/marcobia/Desktop/VSCode/CSE_453/ros2_ws/install/local_setup.bash'
[9.193s] INFO:colcon.colcon_core.shell:Creating prefix chain script '/home/marcobia/Desktop/VSCode/CSE_453/ros2_ws/install/setup.bash'
[9.194s] INFO:colcon.colcon_core.shell:Creating prefix script '/home/marcobia/Desktop/VSCode/CSE_453/ros2_ws/install/local_setup.zsh'
[9.195s] INFO:colcon.colcon_core.shell:Creating prefix chain script '/home/marcobia/Desktop/VSCode/CSE_453/ros2_ws/install/setup.zsh'
