[0.012s] Invoking command in '/home/marcobia/Desktop/VSCode/CSE_453/ros2_ws/build/gps_processor': CMAKE_PREFIX_PATH=${CMAKE_PREFIX_PATH}:/opt/ros/humble /usr/bin/cmake /home/marcobia/Desktop/VSCode/CSE_453/ros2_ws/src/gps_processor -DCMAKE_INSTALL_PREFIX=/home/marcobia/Desktop/VSCode/CSE_453/ros2_ws/install/gps_processor
[0.070s] -- The C compiler identification is GNU 11.4.0
[0.128s] -- The CXX compiler identification is GNU 11.4.0
[0.138s] -- Detecting C compiler ABI info
[0.212s] -- Detecting C compiler ABI info - done
[0.220s] -- Check for working C compiler: /usr/bin/cc - skipped
[0.220s] -- Detecting C compile features
[0.221s] -- Detecting C compile features - done
[0.224s] -- Detecting CXX compiler ABI info
[0.315s] -- Detecting CXX compiler ABI info - done
[0.324s] -- Check for working CXX compiler: /usr/bin/c++ - skipped
[0.325s] -- Detecting CXX compile features
[0.325s] -- Detecting CXX compile features - done
[0.328s] -- Found ament_cmake: 1.3.11 (/opt/ros/humble/share/ament_cmake/cmake)
[0.475s] -- Found Python3: /usr/bin/python3 (found version "3.10.12") found components: Interpreter 
[0.566s] -- Found rclcpp: 16.0.12 (/opt/ros/humble/share/rclcpp/cmake)
[0.611s] -- Found rosidl_generator_c: 3.1.6 (/opt/ros/humble/share/rosidl_generator_c/cmake)
[0.616s] -- Found rosidl_adapter: 3.1.6 (/opt/ros/humble/share/rosidl_adapter/cmake)
[0.625s] -- Found rosidl_generator_cpp: 3.1.6 (/opt/ros/humble/share/rosidl_generator_cpp/cmake)
[0.638s] -- Using all available rosidl_typesupport_c: rosidl_typesupport_fastrtps_c;rosidl_typesupport_introspection_c
[0.656s] -- Using all available rosidl_typesupport_cpp: rosidl_typesupport_fastrtps_cpp;rosidl_typesupport_introspection_cpp
[0.706s] -- Found rmw_implementation_cmake: 6.1.2 (/opt/ros/humble/share/rmw_implementation_cmake/cmake)
[0.709s] -- Found rmw_fastrtps_cpp: 6.2.7 (/opt/ros/humble/share/rmw_fastrtps_cpp/cmake)
[0.799s] -- Found OpenSSL: /usr/lib/x86_64-linux-gnu/libcrypto.so (found version "3.0.2")  
[0.829s] -- Found FastRTPS: /opt/ros/humble/include  
[0.876s] -- Using RMW implementation 'rmw_fastrtps_cpp' as default
[0.885s] -- Looking for pthread.h
[0.964s] -- Looking for pthread.h - found
[0.964s] -- Performing Test CMAKE_HAVE_LIBC_PTHREAD
[1.042s] -- Performing Test CMAKE_HAVE_LIBC_PTHREAD - Success
[1.042s] -- Found Threads: TRUE  
[1.110s] -- Found sensor_msgs: 4.8.0 (/opt/ros/humble/share/sensor_msgs/cmake)
[1.152s] -- Found ament_lint_auto: 0.12.12 (/opt/ros/humble/share/ament_lint_auto/cmake)
[1.233s] -- Added test 'cppcheck' to perform static code analysis on C / C++ code
[1.233s] -- Configured cppcheck include dirs: 
[1.233s] -- Configured cppcheck exclude dirs and/or files: 
[1.234s] -- Added test 'lint_cmake' to check CMake code style
[1.234s] -- Added test 'uncrustify' to check C / C++ code style
[1.234s] -- Configured uncrustify additional arguments: 
[1.235s] -- Added test 'xmllint' to check XML markup files
[1.236s] -- Configuring done
[1.241s] -- Generating done
[1.244s] -- Build files have been written to: /home/marcobia/Desktop/VSCode/CSE_453/ros2_ws/build/gps_processor
[1.258s] Invoked command in '/home/marcobia/Desktop/VSCode/CSE_453/ros2_ws/build/gps_processor' returned '0': CMAKE_PREFIX_PATH=${CMAKE_PREFIX_PATH}:/opt/ros/humble /usr/bin/cmake /home/marcobia/Desktop/VSCode/CSE_453/ros2_ws/src/gps_processor -DCMAKE_INSTALL_PREFIX=/home/marcobia/Desktop/VSCode/CSE_453/ros2_ws/install/gps_processor
[1.259s] Invoking command in '/home/marcobia/Desktop/VSCode/CSE_453/ros2_ws/build/gps_processor': CMAKE_PREFIX_PATH=${CMAKE_PREFIX_PATH}:/opt/ros/humble /usr/bin/cmake --build /home/marcobia/Desktop/VSCode/CSE_453/ros2_ws/build/gps_processor -- -j4 -l4
[1.300s] Invoked command in '/home/marcobia/Desktop/VSCode/CSE_453/ros2_ws/build/gps_processor' returned '0': CMAKE_PREFIX_PATH=${CMAKE_PREFIX_PATH}:/opt/ros/humble /usr/bin/cmake --build /home/marcobia/Desktop/VSCode/CSE_453/ros2_ws/build/gps_processor -- -j4 -l4
[1.310s] Invoking command in '/home/marcobia/Desktop/VSCode/CSE_453/ros2_ws/build/gps_processor': CMAKE_PREFIX_PATH=${CMAKE_PREFIX_PATH}:/opt/ros/humble /usr/bin/cmake --install /home/marcobia/Desktop/VSCode/CSE_453/ros2_ws/build/gps_processor
[1.317s] -- Install configuration: ""
[1.317s] -- Installing: /home/marcobia/Desktop/VSCode/CSE_453/ros2_ws/install/gps_processor/share/ament_index/resource_index/package_run_dependencies/gps_processor
[1.318s] -- Installing: /home/marcobia/Desktop/VSCode/CSE_453/ros2_ws/install/gps_processor/share/ament_index/resource_index/parent_prefix_path/gps_processor
[1.318s] -- Installing: /home/marcobia/Desktop/VSCode/CSE_453/ros2_ws/install/gps_processor/share/gps_processor/environment/ament_prefix_path.sh
[1.318s] -- Installing: /home/marcobia/Desktop/VSCode/CSE_453/ros2_ws/install/gps_processor/share/gps_processor/environment/ament_prefix_path.dsv
[1.318s] -- Installing: /home/marcobia/Desktop/VSCode/CSE_453/ros2_ws/install/gps_processor/share/gps_processor/environment/path.sh
[1.318s] -- Installing: /home/marcobia/Desktop/VSCode/CSE_453/ros2_ws/install/gps_processor/share/gps_processor/environment/path.dsv
[1.319s] -- Installing: /home/marcobia/Desktop/VSCode/CSE_453/ros2_ws/install/gps_processor/share/gps_processor/local_setup.bash
[1.319s] -- Installing: /home/marcobia/Desktop/VSCode/CSE_453/ros2_ws/install/gps_processor/share/gps_processor/local_setup.sh
[1.319s] -- Installing: /home/marcobia/Desktop/VSCode/CSE_453/ros2_ws/install/gps_processor/share/gps_processor/local_setup.zsh
[1.319s] -- Installing: /home/marcobia/Desktop/VSCode/CSE_453/ros2_ws/install/gps_processor/share/gps_processor/local_setup.dsv
[1.319s] -- Installing: /home/marcobia/Desktop/VSCode/CSE_453/ros2_ws/install/gps_processor/share/gps_processor/package.dsv
[1.320s] -- Installing: /home/marcobia/Desktop/VSCode/CSE_453/ros2_ws/install/gps_processor/share/ament_index/resource_index/packages/gps_processor
[1.320s] -- Installing: /home/marcobia/Desktop/VSCode/CSE_453/ros2_ws/install/gps_processor/share/gps_processor/cmake/gps_processorConfig.cmake
[1.321s] -- Installing: /home/marcobia/Desktop/VSCode/CSE_453/ros2_ws/install/gps_processor/share/gps_processor/cmake/gps_processorConfig-version.cmake
[1.321s] -- Installing: /home/marcobia/Desktop/VSCode/CSE_453/ros2_ws/install/gps_processor/share/gps_processor/package.xml
[1.324s] Invoked command in '/home/marcobia/Desktop/VSCode/CSE_453/ros2_ws/build/gps_processor' returned '0': CMAKE_PREFIX_PATH=${CMAKE_PREFIX_PATH}:/opt/ros/humble /usr/bin/cmake --install /home/marcobia/Desktop/VSCode/CSE_453/ros2_ws/build/gps_processor
